Archive member included because of file (symbol)

C:\Users\embedded\My Documents\LPCXpresso_4.1.0_190\workspace\Lib_EaBaseBoard\Debug\libLib_EaBaseBoard.a(light.o)
                              ./src/main.o (light_init)
C:\Users\embedded\My Documents\LPCXpresso_4.1.0_190\workspace\Lib_EaBaseBoard\Debug\libLib_EaBaseBoard.a(oled.o)
                              ./src/main.o (oled_init)
C:\Users\embedded\My Documents\LPCXpresso_4.1.0_190\workspace\Lib_EaBaseBoard\Debug\libLib_EaBaseBoard.a(temp.o)
                              ./src/main.o (temp_init)
C:\Users\embedded\My Documents\LPCXpresso_4.1.0_190\workspace\Lib_EaBaseBoard\Debug\libLib_EaBaseBoard.a(font5x7.o)
                              C:\Users\embedded\My Documents\LPCXpresso_4.1.0_190\workspace\Lib_EaBaseBoard\Debug\libLib_EaBaseBoard.a(oled.o) (font5x7)
C:\Users\embedded\My Documents\LPCXpresso_4.1.0_190\workspace\Lib_MCU\Debug\libLib_MCU.a(adc.o)
                              ./src/main.o (ADCInit)
C:\Users\embedded\My Documents\LPCXpresso_4.1.0_190\workspace\Lib_MCU\Debug\libLib_MCU.a(gpio.o)
                              ./src/main.o (GPIOInit)
C:\Users\embedded\My Documents\LPCXpresso_4.1.0_190\workspace\Lib_MCU\Debug\libLib_MCU.a(i2c.o)
                              ./src/main.o (I2CInit)
C:\Users\embedded\My Documents\LPCXpresso_4.1.0_190\workspace\Lib_MCU\Debug\libLib_MCU.a(ssp.o)
                              ./src/main.o (SSPInit)
C:\Users\embedded\My Documents\LPCXpresso_4.1.0_190\workspace\Lib_MCU\Debug\libLib_MCU.a(timer32.o)
                              ./src/main.o (delay32Ms)
C:\Users\embedded\My Documents\LPCXpresso_4.1.0_190\workspace\Lib_MCU\Debug\libLib_MCU.a(uart.o)
                              ./src/main.o (UARTInit)
C:\Users\embedded\My Documents\LPCXpresso_4.1.0_190\workspace\Lib_CMSISv1p30_LPC13xx\Debug\libLib_CMSISv1p30_LPC13xx.a(system_LPC13xx.o)
                              ./src/cr_startup_lpc13.o (SystemInit)
c:/embedded/lpcxpresso_4.1.0_190/lpcxpresso/tools/bin/../lib/gcc/arm-none-eabi/4.5.1/../../../../arm-none-eabi/lib/thumb2\libcr_semihost.a(_cr__main.o)
                              ./src/cr_startup_lpc13.o (__main)
c:/embedded/lpcxpresso_4.1.0_190/lpcxpresso/tools/bin/../lib/gcc/arm-none-eabi/4.5.1/../../../../arm-none-eabi/lib/thumb2\libcr_c.a(initio.o)
                              c:/embedded/lpcxpresso_4.1.0_190/lpcxpresso/tools/bin/../lib/gcc/arm-none-eabi/4.5.1/../../../../arm-none-eabi/lib/thumb2\libcr_semihost.a(_cr__main.o) (_initio)
c:/embedded/lpcxpresso_4.1.0_190/lpcxpresso/tools/bin/../lib/gcc/arm-none-eabi/4.5.1/../../../../arm-none-eabi/lib/thumb2\libcr_c.a(setvbuf.o)
                              c:/embedded/lpcxpresso_4.1.0_190/lpcxpresso/tools/bin/../lib/gcc/arm-none-eabi/4.5.1/../../../../arm-none-eabi/lib/thumb2\libcr_c.a(initio.o) (setvbuf)
c:/embedded/lpcxpresso_4.1.0_190/lpcxpresso/tools/bin/../lib/gcc/arm-none-eabi/4.5.1/../../../../arm-none-eabi/lib/thumb2\libcr_c.a(stdio.o)
                              c:/embedded/lpcxpresso_4.1.0_190/lpcxpresso/tools/bin/../lib/gcc/arm-none-eabi/4.5.1/../../../../arm-none-eabi/lib/thumb2\libcr_c.a(initio.o) (__Ciob)
c:/embedded/lpcxpresso_4.1.0_190/lpcxpresso/tools/bin/../lib/gcc/arm-none-eabi/4.5.1/../../../../arm-none-eabi/lib/thumb2\libcr_c.a(memset.o)
                              C:\Users\embedded\My Documents\LPCXpresso_4.1.0_190\workspace\Lib_EaBaseBoard\Debug\libLib_EaBaseBoard.a(oled.o) (memset)
c:/embedded/lpcxpresso_4.1.0_190/lpcxpresso/tools/bin/../lib/gcc/arm-none-eabi/4.5.1/../../../../arm-none-eabi/lib/thumb2\libcr_c.a(__fillbuf.o)
                              c:/embedded/lpcxpresso_4.1.0_190/lpcxpresso/tools/bin/../lib/gcc/arm-none-eabi/4.5.1/../../../../arm-none-eabi/lib/thumb2\libcr_c.a(stdio.o) (__filbuf)
c:/embedded/lpcxpresso_4.1.0_190/lpcxpresso/tools/bin/../lib/gcc/arm-none-eabi/4.5.1/../../../../arm-none-eabi/lib/thumb2\libcr_c.a(_deferredlazyseek.o)
                              c:/embedded/lpcxpresso_4.1.0_190/lpcxpresso/tools/bin/../lib/gcc/arm-none-eabi/4.5.1/../../../../arm-none-eabi/lib/thumb2\libcr_c.a(__fillbuf.o) (_deferredlazyseek)
c:/embedded/lpcxpresso_4.1.0_190/lpcxpresso/tools/bin/../lib/gcc/arm-none-eabi/4.5.1/../../../../arm-none-eabi/lib/thumb2\libcr_c.a(_fdopen.o)
                              c:/embedded/lpcxpresso_4.1.0_190/lpcxpresso/tools/bin/../lib/gcc/arm-none-eabi/4.5.1/../../../../arm-none-eabi/lib/thumb2\libcr_c.a(initio.o) (_fdopen)
c:/embedded/lpcxpresso_4.1.0_190/lpcxpresso/tools/bin/../lib/gcc/arm-none-eabi/4.5.1/../../../../arm-none-eabi/lib/thumb2\libcr_c.a(_fflush.o)
                              c:/embedded/lpcxpresso_4.1.0_190/lpcxpresso/tools/bin/../lib/gcc/arm-none-eabi/4.5.1/../../../../arm-none-eabi/lib/thumb2\libcr_c.a(__fillbuf.o) (_fflush)
c:/embedded/lpcxpresso_4.1.0_190/lpcxpresso/tools/bin/../lib/gcc/arm-none-eabi/4.5.1/../../../../arm-none-eabi/lib/thumb2\libcr_c.a(_writebuf.o)
[...]
Memory Configuration

Name             Origin             Length             Attributes
MFlash32         0x00000000         0x00008000         xr
RamLoc8          0x10000000         0x00002000         xrw
*default*        0x00000000         0xffffffff

Linker script and memory map

LOAD ./src/cr_startup_lpc13.o
LOAD ./src/main.o
LOAD C:\Users\embedded\My Documents\LPCXpresso_4.1.0_190\workspace\Lib_EaBaseBoard\Debug\libLib_EaBaseBoard.a
LOAD C:\Users\embedded\My Documents\LPCXpresso_4.1.0_190\workspace\Lib_MCU\Debug\libLib_MCU.a
LOAD C:\Users\embedded\My Documents\LPCXpresso_4.1.0_190\workspace\Lib_CMSISv1p30_LPC13xx\Debug\libLib_CMSISv1p30_LPC13xx.a
START GROUP
LOAD c:/embedded/lpcxpresso_4.1.0_190/lpcxpresso/tools/bin/../lib/gcc/arm-none-eabi/4.5.1/../../../../arm-none-eabi/lib/thumb2\libcr_semihost.a
LOAD c:/embedded/lpcxpresso_4.1.0_190/lpcxpresso/tools/bin/../lib/gcc/arm-none-eabi/4.5.1/../../../../arm-none-eabi/lib/thumb2\libcr_c.a
LOAD c:/embedded/lpcxpresso_4.1.0_190/lpcxpresso/tools/bin/../lib/gcc/arm-none-eabi/4.5.1/thumb2\libcr_eabihelpers.a
END GROUP
                0x00008000                __top_MFlash32 = 0x8000
                0x10002000                __top_RamLoc8 = 0x10002000

.text           0x00000000     0x2fc0
 FILL mask 0xff
 *(.isr_vector)
 .isr_vector    0x00000000      0x124 ./src/cr_startup_lpc13.o
                0x00000000                g_pfnVectors
                0x00000124                . = ALIGN (0x4)
                0x00000124                __section_table_start = .
                0x00000124                __data_section_table = .
                0x00000124        0x4 LONG 0x2fc0 LOADADDR (.data)
                0x00000128        0x4 LONG 0x10000000 ADDR (.data)
                0x0000012c        0x4 LONG 0xc SIZEOF (.data)
                0x00000130                __data_section_table_end = .
                0x00000130                __bss_section_table = .
                0x00000130        0x4 LONG 0x1000000c ADDR (.bss)
                0x00000134        0x4 LONG 0x4ac SIZEOF (.bss)
                0x00000138                __bss_section_table_end = .
                0x00000138                __section_table_end = .
 *(.after_vectors*)
 *(.text*)
 .text.NMI_Handler
                0x00000138        0x4 ./src/cr_startup_lpc13.o
                0x00000138                NMI_Handler
 .text.HardFault_Handler
                0x0000013c        0x4 ./src/cr_startup_lpc13.o
                0x0000013c                HardFault_Handler
 .text.MemManage_Handler
                0x00000140        0x4 ./src/cr_startup_lpc13.o
                0x00000140                MemManage_Handler
 .text.BusFault_Handler
                0x00000144        0x4 ./src/cr_startup_lpc13.o
                0x00000144                BusFault_Handler
 .text.UsageFault_Handler
                0x00000148        0x4 ./src/cr_startup_lpc13.o
                0x00000148                UsageFault_Handler
 .text.SVCall_Handler
                0x0000014c        0x4 ./src/cr_startup_lpc13.o
                0x0000014c                SVCall_Handler
 .text.DebugMon_Handler
                0x00000150        0x4 ./src/cr_startup_lpc13.o
                0x00000150                DebugMon_Handler
 .text.PendSV_Handler
                0x00000154        0x4 ./src/cr_startup_lpc13.o
                0x00000154                PendSV_Handler
 .text.ResetISR
                0x00000158       0x60 ./src/cr_startup_lpc13.o
                0x00000158                ResetISR
 .text.IntDefaultHandler
                0x000001b8        0x4 ./src/cr_startup_lpc13.o
                0x000001b8                TIMER16_0_IRQHandler
                0x000001b8                UART_IRQHandler
                0x000001b8                TIMER32_0_IRQHandler
                0x000001b8                TIMER32_1_IRQHandler
                0x000001b8                IntDefaultHandler
                0x000001b8                PIOINT1_IRQHandler
                0x000001b8                TIMER16_1_IRQHandler
                0x000001b8                USB_FIQHandler
                0x000001b8                ADC_IRQHandler
                0x000001b8                PIOINT2_IRQHandler
                0x000001b8                USB_IRQHandler
                0x000001b8                BOD_IRQHandler
                0x000001b8                WAKEUP_IRQHandler
                0x000001b8                PIOINT0_IRQHandler
                0x000001b8                WDT_IRQHandler
                0x000001b8                PIOINT3_IRQHandler
                0x000001b8                FMC_IRQHandler
 .text.intToString
                0x000001bc       0x6c ./src/main.o
 .text.getTicks
                0x00000228        0xc ./src/main.o
 .text.SysTick_Handler
                0x00000234       0x14 ./src/main.o
                0x00000234                SysTick_Handler
 .text.main     0x00000248      0x184 ./src/main.o
                0x00000248                main
 .text.readControlReg
                0x000003cc       0x3c C:\Users\embedded\My Documents\LPCXpresso_4.1.0_190\workspace\Lib_EaBaseBoard\Debug\libLib_EaBaseBoard.a(light.o)
 .text.light_init
                0x00000408        0xc C:\Users\embedded\My Documents\LPCXpresso_4.1.0_190\workspace\Lib_EaBaseBoard\Debug\libLib_EaBaseBoard.a(light.o)
                0x00000408                light_init
 .text.light_enable
                0x00000414       0x48 C:\Users\embedded\My Documents\LPCXpresso_4.1.0_190\workspace\Lib_EaBaseBoard\Debug\libLib_EaBaseBoard.a(light.o)
                0x00000414                light_enable
 .text.light_read
                0x0000045c       0x94 C:\Users\embedded\My Documents\LPCXpresso_4.1.0_190\workspace\Lib_EaBaseBoard\Debug\libLib_EaBaseBoard.a(light.o)
                0x0000045c                light_read
 .text.light_setRange
                0x000004f0       0xac C:\Users\embedded\My Documents\LPCXpresso_4.1.0_190\workspace\Lib_EaBaseBoard\Debug\libLib_EaBaseBoard.a(light.o)
                0x000004f0                light_setRange
 .text.writeCommand
                0x0000059c       0x50 C:\Users\embedded\My Documents\LPCXpresso_4.1.0_190\workspace\Lib_EaBaseBoard\Debug\libLib_EaBaseBoard.a(oled.o)
 .text.writeData
                0x000005ec       0x50 C:\Users\embedded\My Documents\LPCXpresso_4.1.0_190\workspace\Lib_EaBaseBoard\Debug\libLib_EaBaseBoard.a(oled.o)
 .text.writeDataLen
                0x0000063c       0x80 C:\Users\embedded\My Documents\LPCXpresso_4.1.0_190\workspace\Lib_EaBaseBoard\Debug\libLib_EaBaseBoard.a(oled.o)
 .text.runInitSequence
                0x000006bc      0x118 C:\Users\embedded\My Documents\LPCXpresso_4.1.0_190\workspace\Lib_EaBaseBoard\Debug\libLib_EaBaseBoard.a(oled.o)
 .text.hLine    0x000007d4       0x4c C:\Users\embedded\My Documents\LPCXpresso_4.1.0_190\workspace\Lib_EaBaseBoard\Debug\libLib_EaBaseBoard.a(oled.o)
 .text.vLine    0x00000820       0x4c C:\Users\embedded\My Documents\LPCXpresso_4.1.0_190\workspace\Lib_EaBaseBoard\Debug\libLib_EaBaseBoard.a(oled.o)
 .text.oled_init
                0x0000086c       0xb8 C:\Users\embedded\My Documents\LPCXpresso_4.1.0_190\workspace\Lib_EaBaseBoard\Debug\libLib_EaBaseBoard.a(oled.o)
                0x0000086c                oled_init
 .text.oled_putPixel
                0x00000924      0x18c C:\Users\embedded\My Documents\LPCXpresso_4.1.0_190\workspace\Lib_EaBaseBoard\Debug\libLib_EaBaseBoard.a(oled.o)
                0x00000924                oled_putPixel
 .text.oled_fillRect
                0x00000ab0       0x90 C:\Users\embedded\My Documents\LPCXpresso_4.1.0_190\workspace\Lib_EaBaseBoard\Debug\libLib_EaBaseBoard.a(oled.o)
                0x00000ab0                oled_fillRect
 .text.oled_clearScreen
                0x00000b40       0x74 C:\Users\embedded\My Documents\LPCXpresso_4.1.0_190\workspace\Lib_EaBaseBoard\Debug\libLib_EaBaseBoard.a(oled.o)
                0x00000b40                oled_clearScreen
 .text.oled_putChar
                0x00000bb4       0xf0 C:\Users\embedded\My Documents\LPCXpresso_4.1.0_190\workspace\Lib_EaBaseBoard\Debug\libLib_EaBaseBoard.a(oled.o)
                0x00000bb4                oled_putChar
 .text.oled_putString
                0x00000ca4       0x54 C:\Users\embedded\My Documents\LPCXpresso_4.1.0_190\workspace\Lib_EaBaseBoard\Debug\libLib_EaBaseBoard.a(oled.o)
                0x00000ca4                oled_putString
 .text.temp_init
                0x00000cf8       0x2c C:\Users\embedded\My Documents\LPCXpresso_4.1.0_190\workspace\Lib_EaBaseBoard\Debug\libLib_EaBaseBoard.a(temp.o)
                0x00000cf8                temp_init
 .text.temp_read
                0x00000d24      0x120 C:\Users\embedded\My Documents\LPCXpresso_4.1.0_190\workspace\Lib_EaBaseBoard\Debug\libLib_EaBaseBoard.a(temp.o)
                0x00000d24                temp_read
 .text.ADCInit  0x00000e44       0xec C:\Users\embedded\My Documents\LPCXpresso_4.1.0_190\workspace\Lib_MCU\Debug\libLib_MCU.a(adc.o)
                0x00000e44                ADCInit
 .text.NVIC_EnableIRQ
                0x00000f30       0x38 C:\Users\embedded\My Documents\LPCXpresso_4.1.0_190\workspace\Lib_MCU\Debug\libLib_MCU.a(gpio.o)
 .text.GPIOInit
                0x00000f68       0xb8 C:\Users\embedded\My Documents\LPCXpresso_4.1.0_190\workspace\Lib_MCU\Debug\libLib_MCU.a(gpio.o)
                0x00000f68                GPIOInit
 .text.GPIOSetDir
                0x00001020      0x308 C:\Users\embedded\My Documents\LPCXpresso_4.1.0_190\workspace\Lib_MCU\Debug\libLib_MCU.a(gpio.o)
                0x00001020                GPIOSetDir
 .text.GPIOSetValue
                0x00001328      0x1ec C:\Users\embedded\My Documents\LPCXpresso_4.1.0_190\workspace\Lib_MCU\Debug\libLib_MCU.a(gpio.o)
                0x00001328                GPIOSetValue
 .text.NVIC_EnableIRQ
                0x00001514       0x38 C:\Users\embedded\My Documents\LPCXpresso_4.1.0_190\workspace\Lib_MCU\Debug\libLib_MCU.a(i2c.o)
 .text.I2C_IRQHandler
                0x0000154c      0x408 C:\Users\embedded\My Documents\LPCXpresso_4.1.0_190\workspace\Lib_MCU\Debug\libLib_MCU.a(i2c.o)
                0x0000154c                I2C_IRQHandler
 .text.I2CStart
                0x00001954       0x60 C:\Users\embedded\My Documents\LPCXpresso_4.1.0_190\workspace\Lib_MCU\Debug\libLib_MCU.a(i2c.o)
                0x00001954                I2CStart
 .text.I2CStop  0x000019b4       0x34 C:\Users\embedded\My Documents\LPCXpresso_4.1.0_190\workspace\Lib_MCU\Debug\libLib_MCU.a(i2c.o)
                0x000019b4                I2CStop
 .text.I2CInit  0x000019e8       0xec C:\Users\embedded\My Documents\LPCXpresso_4.1.0_190\workspace\Lib_MCU\Debug\libLib_MCU.a(i2c.o)
                0x000019e8                I2CInit
 .text.I2CEngine
                0x00001ad4       0x60 C:\Users\embedded\My Documents\LPCXpresso_4.1.0_190\workspace\Lib_MCU\Debug\libLib_MCU.a(i2c.o)
                0x00001ad4                I2CEngine
 .text.I2CRead  0x00001b34       0x68 C:\Users\embedded\My Documents\LPCXpresso_4.1.0_190\workspace\Lib_MCU\Debug\libLib_MCU.a(i2c.o)
                0x00001b34                I2CRead
 .text.I2CWrite
                0x00001b9c       0x60 C:\Users\embedded\My Documents\LPCXpresso_4.1.0_190\workspace\Lib_MCU\Debug\libLib_MCU.a(i2c.o)
                0x00001b9c                I2CWrite
 .text.NVIC_EnableIRQ
                0x00001bfc       0x38 C:\Users\embedded\My Documents\LPCXpresso_4.1.0_190\workspace\Lib_MCU\Debug\libLib_MCU.a(ssp.o)
 .text.SSP_IRQHandler
                0x00001c34       0xa0 C:\Users\embedded\My Documents\LPCXpresso_4.1.0_190\workspace\Lib_MCU\Debug\libLib_MCU.a(ssp.o)
                0x00001c34                SSP_IRQHandler
 .text.SSPInit  0x00001cd4      0x16c C:\Users\embedded\My Documents\LPCXpresso_4.1.0_190\workspace\Lib_MCU\Debug\libLib_MCU.a(ssp.o)
                0x00001cd4                SSPInit
 .text.SSPSend  0x00001e40       0x78 C:\Users\embedded\My Documents\LPCXpresso_4.1.0_190\workspace\Lib_MCU\Debug\libLib_MCU.a(ssp.o)
                0x00001e40                SSPSend
 .text.NVIC_EnableIRQ
                0x00001eb8       0x38 C:\Users\embedded\My Documents\LPCXpresso_4.1.0_190\workspace\Lib_MCU\Debug\libLib_MCU.a(timer32.o)
 .text.delay32Ms
                0x00001ef0      0x14c C:\Users\embedded\My Documents\LPCXpresso_4.1.0_190\workspace\Lib_MCU\Debug\libLib_MCU.a(timer32.o)
                0x00001ef0                delay32Ms
 .text.init_timer32
                0x0000203c      0x1b0 C:\Users\embedded\My Documents\LPCXpresso_4.1.0_190\workspace\Lib_MCU\Debug\libLib_MCU.a(timer32.o)
                0x0000203c                init_timer32
 .text.NVIC_DisableIRQ
                0x000021ec       0x3c C:\Users\embedded\My Documents\LPCXpresso_4.1.0_190\workspace\Lib_MCU\Debug\libLib_MCU.a(uart.o)
 .text.UARTInit
                0x00002228      0x178 C:\Users\embedded\My Documents\LPCXpresso_4.1.0_190\workspace\Lib_MCU\Debug\libLib_MCU.a(uart.o)
                0x00002228                UARTInit
 .text.UARTSendString
                0x000023a0       0x54 C:\Users\embedded\My Documents\LPCXpresso_4.1.0_190\workspace\Lib_MCU\Debug\libLib_MCU.a(uart.o)
                0x000023a0                UARTSendString
 .text.SystemInit
                0x000023f4      0x124 C:\Users\embedded\My Documents\LPCXpresso_4.1.0_190\workspace\Lib_CMSISv1p30_LPC13xx\Debug\libLib_CMSISv1p30_LPC13xx.a(system_LPC13xx.o)
                0x000023f4                SystemInit
 .text.__main   0x00002518       0x14 c:/embedded/lpcxpresso_4.1.0_190/lpcxpresso/tools/bin/../lib/gcc/arm-none-eabi/4.5.1/../../../../arm-none-eabi/lib/thumb2\libcr_semihost.a(_cr__main.o)
                0x00002518                __CR_SEMIHOST
                0x00002518                __main
 .text._initio  0x0000252c       0x9c c:/embedded/lpcxpresso_4.1.0_190/lpcxpresso/tools/bin/../lib/gcc/arm-none-eabi/4.5.1/../../../../arm-none-eabi/lib/thumb2\libcr_c.a(initio.o)
                0x0000252c                _initio
 .text.setvbuf  0x000025c8       0x48 c:/embedded/lpcxpresso_4.1.0_190/lpcxpresso/tools/bin/../lib/gcc/arm-none-eabi/4.5.1/../../../../arm-none-eabi/lib/thumb2\libcr_c.a(setvbuf.o)
                0x000025c8                setvbuf
 .text.memset   0x00002610        0x4 c:/embedded/lpcxpresso_4.1.0_190/lpcxpresso/tools/bin/../lib/gcc/arm-none-eabi/4.5.1/../../../../arm-none-eabi/lib/thumb2\libcr_c.a(memset.o)
                0x00002610                memset
 .text._deferredlazyseek
                0x00002614       0x44 c:/embedded/lpcxpresso_4.1.0_190/lpcxpresso/tools/bin/../lib/gcc/arm-none-eabi/4.5.1/../../../../arm-none-eabi/lib/thumb2\libcr_c.a(_deferredlazyseek.o)
                0x00002614                _deferredlazyseek
 .text._fdopen  0x00002658       0x6e c:/embedded/lpcxpresso_4.1.0_190/lpcxpresso/tools/bin/../lib/gcc/arm-none-eabi/4.5.1/../../../../arm-none-eabi/lib/thumb2\libcr_c.a(_fdopen.o)
                0x00002658                _fdopen
 .text._fflush  0x000026c6       0x58 c:/embedded/lpcxpresso_4.1.0_190/lpcxpresso/tools/bin/../lib/gcc/arm-none-eabi/4.5.1/../../../../arm-none-eabi/lib/thumb2\libcr_c.a(_fflush.o)
                0x000026c6                _fflush
 *fill*         0x0000271e        0x2 00
 .text._Cwritebuf
                0x00002720       0x88 c:/embedded/lpcxpresso_4.1.0_190/lpcxpresso/tools/bin/../lib/gcc/arm-none-eabi/4.5.1/../../../../arm-none-eabi/lib/thumb2\libcr_c.a(_writebuf.o)
                0x00002720                _Cwritebuf
 .text.malloc   0x000027a8       0xd0 c:/embedded/lpcxpresso_4.1.0_190/lpcxpresso/tools/bin/../lib/gcc/arm-none-eabi/4.5.1/../../../../arm-none-eabi/lib/thumb2\libcr_c.a(alloc.o)
                0x000027a8                malloc
 .text.free     0x00002878        0xa c:/embedded/lpcxpresso_4.1.0_190/lpcxpresso/tools/bin/../lib/gcc/arm-none-eabi/4.5.1/../../../../arm-none-eabi/lib/thumb2\libcr_c.a(alloc.o)
                0x00002878                free
 *fill*         0x00002882        0x2 00
 .text._Csys_alloc
                0x00002884       0x20 c:/embedded/lpcxpresso_4.1.0_190/lpcxpresso/tools/bin/../lib/gcc/arm-none-eabi/4.5.1/../../../../arm-none-eabi/lib/thumb2\libcr_c.a(alloc.o)
                0x00002884                _Csys_alloc
 .text.fclose   0x000028a4       0x72 c:/embedded/lpcxpresso_4.1.0_190/lpcxpresso/tools/bin/../lib/gcc/arm-none-eabi/4.5.1/../../../../arm-none-eabi/lib/thumb2\libcr_c.a(fclose.o)
                0x000028a4                fclose
 *fill*         0x00002916        0x2 00
 .text.fflush   0x00002918       0x34 c:/embedded/lpcxpresso_4.1.0_190/lpcxpresso/tools/bin/../lib/gcc/arm-none-eabi/4.5.1/../../../../arm-none-eabi/lib/thumb2\libcr_c.a(fflush.o)
                0x00002918                fflush
 .text.fseek    0x0000294c      0x110 c:/embedded/lpcxpresso_4.1.0_190/lpcxpresso/tools/bin/../lib/gcc/arm-none-eabi/4.5.1/../../../../arm-none-eabi/lib/thumb2\libcr_c.a(fseek.o)
                0x0000294c                fseek
 .text.ftell    0x00002a5c       0x50 c:/embedded/lpcxpresso_4.1.0_190/lpcxpresso/tools/bin/../lib/gcc/arm-none-eabi/4.5.1/../../../../arm-none-eabi/lib/thumb2\libcr_c.a(ftell.o)
                0x00002a5c                ftell
 .text.remove   0x00002aac       0x14 c:/embedded/lpcxpresso_4.1.0_190/lpcxpresso/tools/bin/../lib/gcc/arm-none-eabi/4.5.1/../../../../arm-none-eabi/lib/thumb2\libcr_c.a(remove.o)
                0x00002aac                remove
 .text.strlen   0x00002ac0       0x4e c:/embedded/lpcxpresso_4.1.0_190/lpcxpresso/tools/bin/../lib/gcc/arm-none-eabi/4.5.1/../../../../arm-none-eabi/lib/thumb2\libcr_c.a(strlen.o)
                0x00002ac0                strlen
 .text._do_fflush
                0x00002b0e       0x44 c:/embedded/lpcxpresso_4.1.0_190/lpcxpresso/tools/bin/../lib/gcc/arm-none-eabi/4.5.1/../../../../arm-none-eabi/lib/thumb2\libcr_c.a(_do_fflush.o)
                0x00002b0e                _do_fflush
 .text.__aeabi_memset_lowlevel
                0x00002b52       0x24 c:/embedded/lpcxpresso_4.1.0_190/lpcxpresso/tools/bin/../lib/gcc/arm-none-eabi/4.5.1/thumb2\libcr_eabihelpers.a(memcpy.o)
                0x00002b52                __aeabi_lowlevel_memset
 *fill*         0x00002b76        0x2 00
 .text.__sys_appexit
                0x00002b78        0xc c:/embedded/lpcxpresso_4.1.0_190/lpcxpresso/tools/bin/../lib/gcc/arm-none-eabi/4.5.1/../../../../arm-none-eabi/lib/thumb2\libcr_semihost.a(__sys_appexit.o)
                0x00002b78                __sys_appexit
                0x00002b78                __exit
 .text.__sys_close
                0x00002b84        0xc c:/embedded/lpcxpresso_4.1.0_190/lpcxpresso/tools/bin/../lib/gcc/arm-none-eabi/4.5.1/../../../../arm-none-eabi/lib/thumb2\libcr_semihost.a(__sys_close.o)
                0x00002b84                __sys_close
 .text.__sys_flen
                0x00002b90        0xc c:/embedded/lpcxpresso_4.1.0_190/lpcxpresso/tools/bin/../lib/gcc/arm-none-eabi/4.5.1/../../../../arm-none-eabi/lib/thumb2\libcr_semihost.a(__sys_flen.o)
                0x00002b90                __sys_flen
 .text.__sys_istty
                0x00002b9c        0xc c:/embedded/lpcxpresso_4.1.0_190/lpcxpresso/tools/bin/../lib/gcc/arm-none-eabi/4.5.1/../../../../arm-none-eabi/lib/thumb2\libcr_semihost.a(__sys_istty.o)
                0x00002b9c                __sys_istty
 .text.__sys_remove
                0x00002ba8        0xc c:/embedded/lpcxpresso_4.1.0_190/lpcxpresso/tools/bin/../lib/gcc/arm-none-eabi/4.5.1/../../../../arm-none-eabi/lib/thumb2\libcr_semihost.a(__sys_remove.o)
                0x00002ba8                __sys_remove
 .text.__sys_seek
                0x00002bb4        0xc c:/embedded/lpcxpresso_4.1.0_190/lpcxpresso/tools/bin/../lib/gcc/arm-none-eabi/4.5.1/../../../../arm-none-eabi/lib/thumb2\libcr_semihost.a(__sys_seek.o)
                0x00002bb4                __sys_seek
 .text.__sys_tmpnam
                0x00002bc0        0xc c:/embedded/lpcxpresso_4.1.0_190/lpcxpresso/tools/bin/../lib/gcc/arm-none-eabi/4.5.1/../../../../arm-none-eabi/lib/thumb2\libcr_semihost.a(__sys_tmpnam.o)
                0x00002bc0                __sys_tmpnam
 .text.__sys_write
                0x00002bcc        0xc c:/embedded/lpcxpresso_4.1.0_190/lpcxpresso/tools/bin/../lib/gcc/arm-none-eabi/4.5.1/../../../../arm-none-eabi/lib/thumb2\libcr_semihost.a(__sys_write.o)
                0x00002bcc                __sys_write
                0x00002bcc                __write
 .text._sbrk    0x00002bd8       0x40 c:/embedded/lpcxpresso_4.1.0_190/lpcxpresso/tools/bin/../lib/gcc/arm-none-eabi/4.5.1/../../../../arm-none-eabi/lib/thumb2\libcr_semihost.a(_cr_sbrk.o)
                0x00002bd8                _sbrk
 .text.__check_heap_overflow
                0x00002c18       0x2c c:/embedded/lpcxpresso_4.1.0_190/lpcxpresso/tools/bin/../lib/gcc/arm-none-eabi/4.5.1/../../../../arm-none-eabi/lib/thumb2\libcr_semihost.a(_cr_check_heap.o)
                0x00002c18                __check_heap_overflow
 *(.rodata .rodata.*)
 .rodata.str1.4
                0x00002c44       0x58 ./src/main.o
 .rodata        0x00002c9c        0x8 C:\Users\embedded\My Documents\LPCXpresso_4.1.0_190\workspace\Lib_EaBaseBoard\Debug\libLib_EaBaseBoard.a(oled.o)
 .rodata        0x00002ca4      0x300 C:\Users\embedded\My Documents\LPCXpresso_4.1.0_190\workspace\Lib_EaBaseBoard\Debug\libLib_EaBaseBoard.a(font5x7.o)
                0x00002ca4                font5x7
 .rodata.str1.1
                0x00002fa4        0x4 c:/embedded/lpcxpresso_4.1.0_190/lpcxpresso/tools/bin/../lib/gcc/arm-none-eabi/4.5.1/../../../../arm-none-eabi/lib/thumb2\libcr_c.a(initio.o)
 .rodata.str1.1
                0x00002fa8       0x18 c:/embedded/lpcxpresso_4.1.0_190/lpcxpresso/tools/bin/../lib/gcc/arm-none-eabi/4.5.1/../../../../arm-none-eabi/lib/thumb2\libcr_c.a(alloc.o)
                0x00002fc0                . = ALIGN (0x4)

.glue_7         0x00002fc0        0x0
 .glue_7        0x00000000        0x0 linker stubs

.glue_7t        0x00002fc0        0x0
 .glue_7t       0x00000000        0x0 linker stubs

.vfp11_veneer   0x00002fc0        0x0
 .vfp11_veneer  0x00000000        0x0 linker stubs

.v4_bx          0x00002fc0        0x0
 .v4_bx         0x00000000        0x0 linker stubs

.ARM.extab
 *(.ARM.extab* .gnu.linkonce.armextab.*)
                0x00002fc0                __exidx_start = .

.ARM.exidx
 *(.ARM.exidx* .gnu.linkonce.armexidx.*)
                0x00002fc0                __exidx_end = .
                0x00002fc0                _etext = .

.uninit_RESERVED
 *(.bss.$RESERVED*)

.data           0x10000000        0xc load address 0x00002fc0
 FILL mask 0xff
                0x10000000                _data = .
 *(vtable)
 *(.data*)
 .data          0x10000000        0x8 C:\Users\embedded\My Documents\LPCXpresso_4.1.0_190\workspace\Lib_EaBaseBoard\Debug\libLib_EaBaseBoard.a(light.o)
 .data          0x10000008        0x4 C:\Users\embedded\My Documents\LPCXpresso_4.1.0_190\workspace\Lib_CMSISv1p30_LPC13xx\Debug\libLib_CMSISv1p30_LPC13xx.a(system_LPC13xx.o)
                0x10000008                SystemCoreClock
                0x1000000c                . = ALIGN (0x4)
                0x1000000c                _edata = .

.bss            0x1000000c      0x4ac load address 0x00002fcc
                0x1000000c                _bss = .
 *(.bss*)
 .bss           0x1000000c       0x10 ./src/main.o
 .bss           0x1000001c      0x300 C:\Users\embedded\My Documents\LPCXpresso_4.1.0_190\workspace\Lib_EaBaseBoard\Debug\libLib_EaBaseBoard.a(oled.o)
 .bss           0x1000031c        0x4 C:\Users\embedded\My Documents\LPCXpresso_4.1.0_190\workspace\Lib_EaBaseBoard\Debug\libLib_EaBaseBoard.a(temp.o)
 .bss           0x10000320       0x10 C:\Users\embedded\My Documents\LPCXpresso_4.1.0_190\workspace\Lib_MCU\Debug\libLib_MCU.a(gpio.o)
 .bss           0x10000330       0x2c C:\Users\embedded\My Documents\LPCXpresso_4.1.0_190\workspace\Lib_MCU\Debug\libLib_MCU.a(i2c.o)
 .bss           0x1000035c        0xc C:\Users\embedded\My Documents\LPCXpresso_4.1.0_190\workspace\Lib_MCU\Debug\libLib_MCU.a(ssp.o)
                0x1000035c                interruptRxStat
                0x10000360                interruptOverRunStat
                0x10000364                interruptRxTimeoutStat
 .bss.errno     0x10000368        0x4 c:/embedded/lpcxpresso_4.1.0_190/lpcxpresso/tools/bin/../lib/gcc/arm-none-eabi/4.5.1/../../../../arm-none-eabi/lib/thumb2\libcr_c.a(errno.o)
                0x10000368                errno
 *(COMMON)
 COMMON         0x1000036c        0x4 c:/embedded/lpcxpresso_4.1.0_190/lpcxpresso/tools/bin/../lib/gcc/arm-none-eabi/4.5.1/../../../../arm-none-eabi/lib/thumb2\libcr_c.a(initio.o)
                0x1000036c                _extra
 COMMON         0x10000370      0x140 c:/embedded/lpcxpresso_4.1.0_190/lpcxpresso/tools/bin/../lib/gcc/arm-none-eabi/4.5.1/../../../../arm-none-eabi/lib/thumb2\libcr_c.a(stdio.o)
                0x10000370                __Ciob
 COMMON         0x100004b0        0x8 c:/embedded/lpcxpresso_4.1.0_190/lpcxpresso/tools/bin/../lib/gcc/arm-none-eabi/4.5.1/../../../../arm-none-eabi/lib/thumb2\libcr_c.a(__init_alloc.o)
                0x100004b0                __heaps
                0x100004b4                __end_of_heap
                0x100004b8                . = ALIGN (0x4)
                0x100004b8                _ebss = .
                0x100004b8                PROVIDE (end, .)
                0x100004b8                PROVIDE (_pvHeapStart, .)
                0x10002000                PROVIDE (_vStackTop, (__top_RamLoc8 - 0x0))
OUTPUT(oled_periph.axf elf32-littlearm)

.debug_abbrev   0x00000000     0x123c
 .debug_abbrev  0x00000000       0xc1 ./src/cr_startup_lpc13.o
 .debug_abbrev  0x000000c1      0x25a ./src/main.o
 .debug_abbrev  0x0000031b      0x161 C:\Users\embedded\My Documents\LPCXpresso_4.1.0_190\workspace\Lib_EaBaseBoard\Debug\libLib_EaBaseBoard.a(light.o)
 .debug_abbrev  0x0000047c      0x18f C:\Users\embedded\My Documents\LPCXpresso_4.1.0_190\workspace\Lib_EaBaseBoard\Debug\libLib_EaBaseBoard.a(oled.o)
 .debug_abbrev  0x0000060b      0x136 C:\Users\embedded\My Documents\LPCXpresso_4.1.0_190\workspace\Lib_EaBaseBoard\Debug\libLib_EaBaseBoard.a(temp.o)
 .debug_abbrev  0x00000741       0x4b C:\Users\embedded\My Documents\LPCXpresso_4.1.0_190\workspace\Lib_EaBaseBoard\Debug\libLib_EaBaseBoard.a(font5x7.o)
 .debug_abbrev  0x0000078c      0x152 C:\Users\embedded\My Documents\LPCXpresso_4.1.0_190\workspace\Lib_MCU\Debug\libLib_MCU.a(adc.o)
 .debug_abbrev  0x000008de      0x1e5 C:\Users\embedded\My Documents\LPCXpresso_4.1.0_190\workspace\Lib_MCU\Debug\libLib_MCU.a(gpio.o)
 .debug_abbrev  0x00000ac3      0x1cc C:\Users\embedded\My Documents\LPCXpresso_4.1.0_190\workspace\Lib_MCU\Debug\libLib_MCU.a(i2c.o)
 .debug_abbrev  0x00000c8f      0x19f C:\Users\embedded\My Documents\LPCXpresso_4.1.0_190\workspace\Lib_MCU\Debug\libLib_MCU.a(ssp.o)
 .debug_abbrev  0x00000e2e      0x167 C:\Users\embedded\My Documents\LPCXpresso_4.1.0_190\workspace\Lib_MCU\Debug\libLib_MCU.a(timer32.o)
 .debug_abbrev  0x00000f95      0x1ac C:\Users\embedded\My Documents\LPCXpresso_4.1.0_190\workspace\Lib_MCU\Debug\libLib_MCU.a(uart.o)
 .debug_abbrev  0x00001141       0xfb C:\Users\embedded\My Documents\LPCXpresso_4.1.0_190\workspace\Lib_CMSISv1p30_LPC13xx\Debug\libLib_CMSISv1p30_LPC13xx.a(system_LPC13xx.o)

.debug_info     0x00000000     0x6b85
 .debug_info    0x00000000      0x204 ./src/cr_startup_lpc13.o
 .debug_info    0x00000204      0xb6e ./src/main.o
 .debug_info    0x00000d72      0x4a8 C:\Users\embedded\My Documents\LPCXpresso_4.1.0_190\workspace\Lib_EaBaseBoard\Debug\libLib_EaBaseBoard.a(light.o)
 .debug_info    0x0000121a      0x802 C:\Users\embedded\My Documents\LPCXpresso_4.1.0_190\workspace\Lib_EaBaseBoard\Debug\libLib_EaBaseBoard.a(oled.o)
 .debug_info    0x00001a1c      0x274 C:\Users\embedded\My Documents\LPCXpresso_4.1.0_190\workspace\Lib_EaBaseBoard\Debug\libLib_EaBaseBoard.a(temp.o)
 .debug_info    0x00001c90       0x65 C:\Users\embedded\My Documents\LPCXpresso_4.1.0_190\workspace\Lib_EaBaseBoard\Debug\libLib_EaBaseBoard.a(font5x7.o)
 .debug_info    0x00001cf5      0x932 C:\Users\embedded\My Documents\LPCXpresso_4.1.0_190\workspace\Lib_MCU\Debug\libLib_MCU.a(adc.o)
 .debug_info    0x00002627      0xb96 C:\Users\embedded\My Documents\LPCXpresso_4.1.0_190\workspace\Lib_MCU\Debug\libLib_MCU.a(gpio.o)
 .debug_info    0x000031bd      0xdb8 C:\Users\embedded\My Documents\LPCXpresso_4.1.0_190\workspace\Lib_MCU\Debug\libLib_MCU.a(i2c.o)
 .debug_info    0x00003f75      0xc73 C:\Users\embedded\My Documents\LPCXpresso_4.1.0_190\workspace\Lib_MCU\Debug\libLib_MCU.a(ssp.o)
 .debug_info    0x00004be8      0xcea C:\Users\embedded\My Documents\LPCXpresso_4.1.0_190\workspace\Lib_MCU\Debug\libLib_MCU.a(timer32.o)
 .debug_info    0x000058d2      0xd3e C:\Users\embedded\My Documents\LPCXpresso_4.1.0_190\workspace\Lib_MCU\Debug\libLib_MCU.a(uart.o)
 .debug_info    0x00006610      0x575 C:\Users\embedded\My Documents\LPCXpresso_4.1.0_190\workspace\Lib_CMSISv1p30_LPC13xx\Debug\libLib_CMSISv1p30_LPC13xx.a(system_LPC13xx.o)

.debug_line     0x00000000     0x3e14
 .debug_line    0x00000000      0x442 ./src/cr_startup_lpc13.o
 .debug_line    0x00000442      0x587 ./src/main.o
 .debug_line    0x000009c9      0x5a7 C:\Users\embedded\My Documents\LPCXpresso_4.1.0_190\workspace\Lib_EaBaseBoard\Debug\libLib_EaBaseBoard.a(light.o)
 .debug_line    0x00000f70      0x79d C:\Users\embedded\My Documents\LPCXpresso_4.1.0_190\workspace\Lib_EaBaseBoard\Debug\libLib_EaBaseBoard.a(oled.o)
 .debug_line    0x0000170d      0x4aa C:\Users\embedded\My Documents\LPCXpresso_4.1.0_190\workspace\Lib_EaBaseBoard\Debug\libLib_EaBaseBoard.a(temp.o)
 .debug_line    0x00001bb7       0x93 C:\Users\embedded\My Documents\LPCXpresso_4.1.0_190\workspace\Lib_EaBaseBoard\Debug\libLib_EaBaseBoard.a(font5x7.o)
 .debug_line    0x00001c4a      0x450 C:\Users\embedded\My Documents\LPCXpresso_4.1.0_190\workspace\Lib_MCU\Debug\libLib_MCU.a(adc.o)
 .debug_line    0x0000209a      0x5cc C:\Users\embedded\My Documents\LPCXpresso_4.1.0_190\workspace\Lib_MCU\Debug\libLib_MCU.a(gpio.o)
 .debug_line    0x00002666      0x502 C:\Users\embedded\My Documents\LPCXpresso_4.1.0_190\workspace\Lib_MCU\Debug\libLib_MCU.a(i2c.o)
 .debug_line    0x00002b68      0x4c3 C:\Users\embedded\My Documents\LPCXpresso_4.1.0_190\workspace\Lib_MCU\Debug\libLib_MCU.a(ssp.o)
 .debug_line    0x0000302b      0x4dc C:\Users\embedded\My Documents\LPCXpresso_4.1.0_190\workspace\Lib_MCU\Debug\libLib_MCU.a(timer32.o)
 .debug_line    0x00003507      0x4cb C:\Users\embedded\My Documents\LPCXpresso_4.1.0_190\workspace\Lib_MCU\Debug\libLib_MCU.a(uart.o)
 .debug_line    0x000039d2      0x442 C:\Users\embedded\My Documents\LPCXpresso_4.1.0_190\workspace\Lib_CMSISv1p30_LPC13xx\Debug\libLib_CMSISv1p30_LPC13xx.a(system_LPC13xx.o)

.debug_macinfo  0x00000000    0x50bb4
 .debug_macinfo
                0x00000000     0x313a ./src/cr_startup_lpc13.o
 .debug_macinfo
                0x0000313a     0x7633 ./src/main.o
 .debug_macinfo
                0x0000a76d     0x6ecc C:\Users\embedded\My Documents\LPCXpresso_4.1.0_190\workspace\Lib_EaBaseBoard\Debug\libLib_EaBaseBoard.a(light.o)
 .debug_macinfo
                0x00011639     0x7239 C:\Users\embedded\My Documents\LPCXpresso_4.1.0_190\workspace\Lib_EaBaseBoard\Debug\libLib_EaBaseBoard.a(oled.o)
 .debug_macinfo
                0x00018872     0x6af9 C:\Users\embedded\My Documents\LPCXpresso_4.1.0_190\workspace\Lib_EaBaseBoard\Debug\libLib_EaBaseBoard.a(temp.o)
 .debug_macinfo
                0x0001f36b     0x2745 C:\Users\embedded\My Documents\LPCXpresso_4.1.0_190\workspace\Lib_EaBaseBoard\Debug\libLib_EaBaseBoard.a(font5x7.o)
 .debug_macinfo
                0x00021ab0     0x6a73 C:\Users\embedded\My Documents\LPCXpresso_4.1.0_190\workspace\Lib_MCU\Debug\libLib_MCU.a(adc.o)
 .debug_macinfo
                0x00028523     0x69e4 C:\Users\embedded\My Documents\LPCXpresso_4.1.0_190\workspace\Lib_MCU\Debug\libLib_MCU.a(gpio.o)
 .debug_macinfo
                0x0002ef07     0x6c78 C:\Users\embedded\My Documents\LPCXpresso_4.1.0_190\workspace\Lib_MCU\Debug\libLib_MCU.a(i2c.o)
 .debug_macinfo
                0x00035b7f     0x6d80 C:\Users\embedded\My Documents\LPCXpresso_4.1.0_190\workspace\Lib_MCU\Debug\libLib_MCU.a(ssp.o)
 .debug_macinfo
                0x0003c8ff     0x6a26 C:\Users\embedded\My Documents\LPCXpresso_4.1.0_190\workspace\Lib_MCU\Debug\libLib_MCU.a(timer32.o)
 .debug_macinfo
                0x00043325     0x6b89 C:\Users\embedded\My Documents\LPCXpresso_4.1.0_190\workspace\Lib_MCU\Debug\libLib_MCU.a(uart.o)
 .debug_macinfo
                0x00049eae     0x6d06 C:\Users\embedded\My Documents\LPCXpresso_4.1.0_190\workspace\Lib_CMSISv1p30_LPC13xx\Debug\libLib_CMSISv1p30_LPC13xx.a(system_LPC13xx.o)

.debug_loc      0x00000000     0x1221
 .debug_loc     0x00000000       0x33 ./src/cr_startup_lpc13.o
 .debug_loc     0x00000033      0x180 ./src/main.o
 .debug_loc     0x000001b3      0x304 C:\Users\embedded\My Documents\LPCXpresso_4.1.0_190\workspace\Lib_EaBaseBoard\Debug\libLib_EaBaseBoard.a(light.o)
 .debug_loc     0x000004b7      0x33e C:\Users\embedded\My Documents\LPCXpresso_4.1.0_190\workspace\Lib_EaBaseBoard\Debug\libLib_EaBaseBoard.a(oled.o)
 .debug_loc     0x000007f5       0x70 C:\Users\embedded\My Documents\LPCXpresso_4.1.0_190\workspace\Lib_EaBaseBoard\Debug\libLib_EaBaseBoard.a(temp.o)
 .debug_loc     0x00000865       0x9c C:\Users\embedded\My Documents\LPCXpresso_4.1.0_190\workspace\Lib_MCU\Debug\libLib_MCU.a(adc.o)
 .debug_loc     0x00000901      0x224 C:\Users\embedded\My Documents\LPCXpresso_4.1.0_190\workspace\Lib_MCU\Debug\libLib_MCU.a(gpio.o)
 .debug_loc     0x00000b25      0x1a8 C:\Users\embedded\My Documents\LPCXpresso_4.1.0_190\workspace\Lib_MCU\Debug\libLib_MCU.a(i2c.o)
 .debug_loc     0x00000ccd      0x118 C:\Users\embedded\My Documents\LPCXpresso_4.1.0_190\workspace\Lib_MCU\Debug\libLib_MCU.a(ssp.o)
 .debug_loc     0x00000de5      0x188 C:\Users\embedded\My Documents\LPCXpresso_4.1.0_190\workspace\Lib_MCU\Debug\libLib_MCU.a(timer32.o)
 .debug_loc     0x00000f6d      0x118 C:\Users\embedded\My Documents\LPCXpresso_4.1.0_190\workspace\Lib_MCU\Debug\libLib_MCU.a(uart.o)
 .debug_loc     0x00001085      0x19c C:\Users\embedded\My Documents\LPCXpresso_4.1.0_190\workspace\Lib_CMSISv1p30_LPC13xx\Debug\libLib_CMSISv1p30_LPC13xx.a(system_LPC13xx.o)

.debug_pubnames
                0x00000000      0x647
 .debug_pubnames
                0x00000000       0xfd ./src/cr_startup_lpc13.o
 .debug_pubnames
                0x000000fd       0x2f ./src/main.o
 .debug_pubnames
                0x0000012c      0x107 C:\Users\embedded\My Documents\LPCXpresso_4.1.0_190\workspace\Lib_EaBaseBoard\Debug\libLib_EaBaseBoard.a(light.o)
 .debug_pubnames
                0x00000233       0xa9 C:\Users\embedded\My Documents\LPCXpresso_4.1.0_190\workspace\Lib_EaBaseBoard\Debug\libLib_EaBaseBoard.a(oled.o)
 .debug_pubnames
                0x000002dc       0x2e C:\Users\embedded\My Documents\LPCXpresso_4.1.0_190\workspace\Lib_EaBaseBoard\Debug\libLib_EaBaseBoard.a(temp.o)
 .debug_pubnames
                0x0000030a       0x1e C:\Users\embedded\My Documents\LPCXpresso_4.1.0_190\workspace\Lib_EaBaseBoard\Debug\libLib_EaBaseBoard.a(font5x7.o)
 .debug_pubnames
                0x00000328       0x57 C:\Users\embedded\My Documents\LPCXpresso_4.1.0_190\workspace\Lib_MCU\Debug\libLib_MCU.a(adc.o)
 .debug_pubnames
                0x0000037f       0xad C:\Users\embedded\My Documents\LPCXpresso_4.1.0_190\workspace\Lib_MCU\Debug\libLib_MCU.a(gpio.o)
 .debug_pubnames
                0x0000042c       0x71 C:\Users\embedded\My Documents\LPCXpresso_4.1.0_190\workspace\Lib_MCU\Debug\libLib_MCU.a(i2c.o)
 .debug_pubnames
                0x0000049d       0x94 C:\Users\embedded\My Documents\LPCXpresso_4.1.0_190\workspace\Lib_MCU\Debug\libLib_MCU.a(ssp.o)
 .debug_pubnames
                0x00000531       0x78 C:\Users\embedded\My Documents\LPCXpresso_4.1.0_190\workspace\Lib_MCU\Debug\libLib_MCU.a(timer32.o)
 .debug_pubnames
                0x000005a9       0x4f C:\Users\embedded\My Documents\LPCXpresso_4.1.0_190\workspace\Lib_MCU\Debug\libLib_MCU.a(uart.o)
 .debug_pubnames
                0x000005f8       0x4f C:\Users\embedded\My Documents\LPCXpresso_4.1.0_190\workspace\Lib_CMSISv1p30_LPC13xx\Debug\libLib_CMSISv1p30_LPC13xx.a(system_LPC13xx.o)

.debug_pubtypes
                0x00000000      0x524
 .debug_pubtypes
                0x00000000       0x12 ./src/cr_startup_lpc13.o
 .debug_pubtypes
                0x00000012       0x91 ./src/main.o
 .debug_pubtypes
                0x000000a3       0x72 C:\Users\embedded\My Documents\LPCXpresso_4.1.0_190\workspace\Lib_EaBaseBoard\Debug\libLib_EaBaseBoard.a(light.o)
 .debug_pubtypes
                0x00000115       0x60 C:\Users\embedded\My Documents\LPCXpresso_4.1.0_190\workspace\Lib_EaBaseBoard\Debug\libLib_EaBaseBoard.a(oled.o)
 .debug_pubtypes
                0x00000175       0x4c C:\Users\embedded\My Documents\LPCXpresso_4.1.0_190\workspace\Lib_EaBaseBoard\Debug\libLib_EaBaseBoard.a(temp.o)
 .debug_pubtypes
                0x000001c1       0x6c C:\Users\embedded\My Documents\LPCXpresso_4.1.0_190\workspace\Lib_MCU\Debug\libLib_MCU.a(adc.o)
 .debug_pubtypes
                0x0000022d       0x7c C:\Users\embedded\My Documents\LPCXpresso_4.1.0_190\workspace\Lib_MCU\Debug\libLib_MCU.a(gpio.o)
 .debug_pubtypes
                0x000002a9       0x91 C:\Users\embedded\My Documents\LPCXpresso_4.1.0_190\workspace\Lib_MCU\Debug\libLib_MCU.a(i2c.o)
 .debug_pubtypes
                0x0000033a       0x91 C:\Users\embedded\My Documents\LPCXpresso_4.1.0_190\workspace\Lib_MCU\Debug\libLib_MCU.a(ssp.o)
 .debug_pubtypes
                0x000003cb       0x91 C:\Users\embedded\My Documents\LPCXpresso_4.1.0_190\workspace\Lib_MCU\Debug\libLib_MCU.a(timer32.o)
 .debug_pubtypes
                0x0000045c       0x92 C:\Users\embedded\My Documents\LPCXpresso_4.1.0_190\workspace\Lib_MCU\Debug\libLib_MCU.a(uart.o)
 .debug_pubtypes
                0x000004ee       0x36 C:\Users\embedded\My Documents\LPCXpresso_4.1.0_190\workspace\Lib_CMSISv1p30_LPC13xx\Debug\libLib_CMSISv1p30_LPC13xx.a(system_LPC13xx.o)

.debug_aranges  0x00000000      0x3d0
 .debug_aranges
                0x00000000       0x70 ./src/cr_startup_lpc13.o
 .debug_aranges
                0x00000070       0x38 ./src/main.o
 .debug_aranges
                0x000000a8       0x88 C:\Users\embedded\My Documents\LPCXpresso_4.1.0_190\workspace\Lib_EaBaseBoard\Debug\libLib_EaBaseBoard.a(light.o)
 .debug_aranges
                0x00000130       0x90 C:\Users\embedded\My Documents\LPCXpresso_4.1.0_190\workspace\Lib_EaBaseBoard\Debug\libLib_EaBaseBoard.a(oled.o)
 .debug_aranges
                0x000001c0       0x28 C:\Users\embedded\My Documents\LPCXpresso_4.1.0_190\workspace\Lib_EaBaseBoard\Debug\libLib_EaBaseBoard.a(temp.o)
 .debug_aranges
                0x000001e8       0x30 C:\Users\embedded\My Documents\LPCXpresso_4.1.0_190\workspace\Lib_MCU\Debug\libLib_MCU.a(adc.o)
 .debug_aranges
                0x00000218       0x68 C:\Users\embedded\My Documents\LPCXpresso_4.1.0_190\workspace\Lib_MCU\Debug\libLib_MCU.a(gpio.o)
 .debug_aranges
                0x00000280       0x58 C:\Users\embedded\My Documents\LPCXpresso_4.1.0_190\workspace\Lib_MCU\Debug\libLib_MCU.a(i2c.o)
 .debug_aranges
                0x000002d8       0x40 C:\Users\embedded\My Documents\LPCXpresso_4.1.0_190\workspace\Lib_MCU\Debug\libLib_MCU.a(ssp.o)
 .debug_aranges
                0x00000318       0x50 C:\Users\embedded\My Documents\LPCXpresso_4.1.0_190\workspace\Lib_MCU\Debug\libLib_MCU.a(timer32.o)
 .debug_aranges
                0x00000368       0x40 C:\Users\embedded\My Documents\LPCXpresso_4.1.0_190\workspace\Lib_MCU\Debug\libLib_MCU.a(uart.o)
 .debug_aranges
                0x000003a8       0x28 C:\Users\embedded\My Documents\LPCXpresso_4.1.0_190\workspace\Lib_CMSISv1p30_LPC13xx\Debug\libLib_CMSISv1p30_LPC13xx.a(system_LPC13xx.o)

.debug_ranges   0x00000000      0x310
 .debug_ranges  0x00000000       0x60 ./src/cr_startup_lpc13.o
 .debug_ranges  0x00000060       0x28 ./src/main.o
 .debug_ranges  0x00000088       0x78 C:\Users\embedded\My Documents\LPCXpresso_4.1.0_190\workspace\Lib_EaBaseBoard\Debug\libLib_EaBaseBoard.a(light.o)
 .debug_ranges  0x00000100       0x80 C:\Users\embedded\My Documents\LPCXpresso_4.1.0_190\workspace\Lib_EaBaseBoard\Debug\libLib_EaBaseBoard.a(oled.o)
 .debug_ranges  0x00000180       0x18 C:\Users\embedded\My Documents\LPCXpresso_4.1.0_190\workspace\Lib_EaBaseBoard\Debug\libLib_EaBaseBoard.a(temp.o)
 .debug_ranges  0x00000198       0x20 C:\Users\embedded\My Documents\LPCXpresso_4.1.0_190\workspace\Lib_MCU\Debug\libLib_MCU.a(adc.o)
 .debug_ranges  0x000001b8       0x58 C:\Users\embedded\My Documents\LPCXpresso_4.1.0_190\workspace\Lib_MCU\Debug\libLib_MCU.a(gpio.o)
 .debug_ranges  0x00000210       0x48 C:\Users\embedded\My Documents\LPCXpresso_4.1.0_190\workspace\Lib_MCU\Debug\libLib_MCU.a(i2c.o)
 .debug_ranges  0x00000258       0x30 C:\Users\embedded\My Documents\LPCXpresso_4.1.0_190\workspace\Lib_MCU\Debug\libLib_MCU.a(ssp.o)
 .debug_ranges  0x00000288       0x40 C:\Users\embedded\My Documents\LPCXpresso_4.1.0_190\workspace\Lib_MCU\Debug\libLib_MCU.a(timer32.o)
 .debug_ranges  0x000002c8       0x30 C:\Users\embedded\My Documents\LPCXpresso_4.1.0_190\workspace\Lib_MCU\Debug\libLib_MCU.a(uart.o)
 .debug_ranges  0x000002f8       0x18 C:\Users\embedded\My Documents\LPCXpresso_4.1.0_190\workspace\Lib_CMSISv1p30_LPC13xx\Debug\libLib_CMSISv1p30_LPC13xx.a(system_LPC13xx.o)

.debug_str      0x00000000     0x154a
 .debug_str     0x00000000      0x1b2 ./src/cr_startup_lpc13.o
                                0x1e6 (size before relaxing)
 .debug_str     0x000001b2      0x7d1 ./src/main.o
                                0x8e6 (size before relaxing)
 .debug_str     0x00000983      0x263 C:\Users\embedded\My Documents\LPCXpresso_4.1.0_190\workspace\Lib_EaBaseBoard\Debug\libLib_EaBaseBoard.a(light.o)
                                0x351 (size before relaxing)
 .debug_str     0x00000be6      0x1b2 C:\Users\embedded\My Documents\LPCXpresso_4.1.0_190\workspace\Lib_EaBaseBoard\Debug\libLib_EaBaseBoard.a(oled.o)
                                0x2e4 (size before relaxing)
 .debug_str     0x00000d98       0x57 C:\Users\embedded\My Documents\LPCXpresso_4.1.0_190\workspace\Lib_EaBaseBoard\Debug\libLib_EaBaseBoard.a(temp.o)
                                0x173 (size before relaxing)
 .debug_str     0x00000def       0x11 C:\Users\embedded\My Documents\LPCXpresso_4.1.0_190\workspace\Lib_EaBaseBoard\Debug\libLib_EaBaseBoard.a(font5x7.o)
                                 0x94 (size before relaxing)
 .debug_str     0x00000e00      0x247 C:\Users\embedded\My Documents\LPCXpresso_4.1.0_190\workspace\Lib_MCU\Debug\libLib_MCU.a(adc.o)
                                0x5c0 (size before relaxing)
 .debug_str     0x00001047       0xfe C:\Users\embedded\My Documents\LPCXpresso_4.1.0_190\workspace\Lib_MCU\Debug\libLib_MCU.a(gpio.o)
                                0x873 (size before relaxing)
 .debug_str     0x00001145      0x169 C:\Users\embedded\My Documents\LPCXpresso_4.1.0_190\workspace\Lib_MCU\Debug\libLib_MCU.a(i2c.o)
                                0xa4b (size before relaxing)
 .debug_str     0x000012ae       0x9c C:\Users\embedded\My Documents\LPCXpresso_4.1.0_190\workspace\Lib_MCU\Debug\libLib_MCU.a(ssp.o)
                                0x980 (size before relaxing)
 .debug_str     0x0000134a       0xa5 C:\Users\embedded\My Documents\LPCXpresso_4.1.0_190\workspace\Lib_MCU\Debug\libLib_MCU.a(timer32.o)
                                0x999 (size before relaxing)
 .debug_str     0x000013ef       0xb9 C:\Users\embedded\My Documents\LPCXpresso_4.1.0_190\workspace\Lib_MCU\Debug\libLib_MCU.a(uart.o)
                                0x99e (size before relaxing)
 .debug_str     0x000014a8       0xa2 C:\Users\embedded\My Documents\LPCXpresso_4.1.0_190\workspace\Lib_CMSISv1p30_LPC13xx\Debug\libLib_CMSISv1p30_LPC13xx.a(system_LPC13xx.o)
                                0x40e (size before relaxing)

.comment        0x00000000       0x2a
 .comment       0x00000000       0x2a ./src/cr_startup_lpc13.o
                                 0x2b (size before relaxing)
 .comment       0x00000000       0x2b ./src/main.o
 .comment       0x00000000       0x2b C:\Users\embedded\My Documents\LPCXpresso_4.1.0_190\workspace\Lib_EaBaseBoard\Debug\libLib_EaBaseBoard.a(light.o)
 .comment       0x00000000       0x2b C:\Users\embedded\My Documents\LPCXpresso_4.1.0_190\workspace\Lib_EaBaseBoard\Debug\libLib_EaBaseBoard.a(oled.o)
 .comment       0x00000000       0x2b C:\Users\embedded\My Documents\LPCXpresso_4.1.0_190\workspace\Lib_EaBaseBoard\Debug\libLib_EaBaseBoard.a(temp.o)
 .comment       0x00000000       0x2b C:\Users\embedded\My Documents\LPCXpresso_4.1.0_190\workspace\Lib_EaBaseBoard\Debug\libLib_EaBaseBoard.a(font5x7.o)
 .comment       0x00000000       0x2b C:\Users\embedded\My Documents\LPCXpresso_4.1.0_190\workspace\Lib_MCU\Debug\libLib_MCU.a(adc.o)
 .comment       0x00000000       0x2b C:\Users\embedded\My Documents\LPCXpresso_4.1.0_190\workspace\Lib_MCU\Debug\libLib_MCU.a(gpio.o)
 .comment       0x00000000       0x2b C:\Users\embedded\My Documents\LPCXpresso_4.1.0_190\workspace\Lib_MCU\Debug\libLib_MCU.a(i2c.o)
 .comment       0x00000000       0x2b C:\Users\embedded\My Documents\LPCXpresso_4.1.0_190\workspace\Lib_MCU\Debug\libLib_MCU.a(ssp.o)
 .comment       0x00000000       0x2b C:\Users\embedded\My Documents\LPCXpresso_4.1.0_190\workspace\Lib_MCU\Debug\libLib_MCU.a(timer32.o)
 .comment       0x00000000       0x2b C:\Users\embedded\My Documents\LPCXpresso_4.1.0_190\workspace\Lib_MCU\Debug\libLib_MCU.a(uart.o)
 .comment       0x00000000       0x2b C:\Users\embedded\My Documents\LPCXpresso_4.1.0_190\workspace\Lib_CMSISv1p30_LPC13xx\Debug\libLib_CMSISv1p30_LPC13xx.a(system_LPC13xx.o)
 .comment       0x00000000       0x2b c:/embedded/lpcxpresso_4.1.0_190/lpcxpresso/tools/bin/../lib/gcc/arm-none-eabi/4.5.1/../../../../arm-none-eabi/lib/thumb2\libcr_semihost.a(_cr__main.o)
 .comment       0x00000000       0x2b c:/embedded/lpcxpresso_4.1.0_190/lpcxpresso/tools/bin/../lib/gcc/arm-none-eabi/4.5.1/../../../../arm-none-eabi/lib/thumb2\libcr_c.a(initio.o)
 .comment       0x00000000       0x2b c:/embedded/lpcxpresso_4.1.0_190/lpcxpresso/tools/bin/../lib/gcc/arm-none-eabi/4.5.1/../../../../arm-none-eabi/lib/thumb2\libcr_c.a(setvbuf.o)
 .comment       0x00000000       0x2b c:/embedded/lpcxpresso_4.1.0_190/lpcxpresso/tools/bin/../lib/gcc/arm-none-eabi/4.5.1/../../../../arm-none-eabi/lib/thumb2\libcr_c.a(stdio.o)
 .comment       0x00000000       0x2b c:/embedded/lpcxpresso_4.1.0_190/lpcxpresso/tools/bin/../lib/gcc/arm-none-eabi/4.5.1/../../../../arm-none-eabi/lib/thumb2\libcr_c.a(memset.o)
 .comment       0x00000000       0x2b c:/embedded/lpcxpresso_4.1.0_190/lpcxpresso/tools/bin/../lib/gcc/arm-none-eabi/4.5.1/../../../../arm-none-eabi/lib/thumb2\libcr_c.a(__fillbuf.o)
 .comment       0x00000000       0x2b c:/embedded/lpcxpresso_4.1.0_190/lpcxpresso/tools/bin/../lib/gcc/arm-none-eabi/4.5.1/../../../../arm-none-eabi/lib/thumb2\libcr_c.a(_deferredlazyseek.o)
 .comment       0x00000000       0x2b c:/embedded/lpcxpresso_4.1.0_190/lpcxpresso/tools/bin/../lib/gcc/arm-none-eabi/4.5.1/../../../../arm-none-eabi/lib/thumb2\libcr_c.a(_fdopen.o)
 .comment       0x00000000       0x2b c:/embedded/lpcxpresso_4.1.0_190/lpcxpresso/tools/bin/../lib/gcc/arm-none-eabi/4.5.1/../../../../arm-none-eabi/lib/thumb2\libcr_c.a(_fflush.o)
 .comment       0x00000000       0x2b c:/embedded/lpcxpresso_4.1.0_190/lpcxpresso/tools/bin/../lib/gcc/arm-none-eabi/4.5.1/../../../../arm-none-eabi/lib/thumb2\libcr_c.a(_writebuf.o)
 .comment       0x00000000       0x2b c:/embedded/lpcxpresso_4.1.0_190/lpcxpresso/tools/bin/../lib/gcc/arm-none-eabi/4.5.1/../../../../arm-none-eabi/lib/thumb2\libcr_c.a(alloc.o)
 .comment       0x00000000       0x2b c:/embedded/lpcxpresso_4.1.0_190/lpcxpresso/tools/bin/../lib/gcc/arm-none-eabi/4.5.1/../../../../arm-none-eabi/lib/thumb2\libcr_c.a(fclose.o)
 .comment       0x00000000       0x2b c:/embedded/lpcxpresso_4.1.0_190/lpcxpresso/tools/bin/../lib/gcc/arm-none-eabi/4.5.1/../../../../arm-none-eabi/lib/thumb2\libcr_c.a(fflush.o)
 .comment       0x00000000       0x2b c:/embedded/lpcxpresso_4.1.0_190/lpcxpresso/tools/bin/../lib/gcc/arm-none-eabi/4.5.1/../../../../arm-none-eabi/lib/thumb2\libcr_c.a(fseek.o)
 .comment       0x00000000       0x2b c:/embedded/lpcxpresso_4.1.0_190/lpcxpresso/tools/bin/../lib/gcc/arm-none-eabi/4.5.1/../../../../arm-none-eabi/lib/thumb2\libcr_c.a(ftell.o)
 .comment       0x00000000       0x2b c:/embedded/lpcxpresso_4.1.0_190/lpcxpresso/tools/bin/../lib/gcc/arm-none-eabi/4.5.1/../../../../arm-none-eabi/lib/thumb2\libcr_c.a(remove.o)
 .comment       0x00000000       0x2b c:/embedded/lpcxpresso_4.1.0_190/lpcxpresso/tools/bin/../lib/gcc/arm-none-eabi/4.5.1/../../../../arm-none-eabi/lib/thumb2\libcr_c.a(strlen.o)
 .comment       0x00000000       0x2b c:/embedded/lpcxpresso_4.1.0_190/lpcxpresso/tools/bin/../lib/gcc/arm-none-eabi/4.5.1/../../../../arm-none-eabi/lib/thumb2\libcr_c.a(memcpy.o)
 .comment       0x00000000       0x2b c:/embedded/lpcxpresso_4.1.0_190/lpcxpresso/tools/bin/../lib/gcc/arm-none-eabi/4.5.1/../../../../arm-none-eabi/lib/thumb2\libcr_c.a(__init_alloc.o)
 .comment       0x00000000       0x2b c:/embedded/lpcxpresso_4.1.0_190/lpcxpresso/tools/bin/../lib/gcc/arm-none-eabi/4.5.1/../../../../arm-none-eabi/lib/thumb2\libcr_c.a(_do_fflush.o)
 .comment       0x00000000       0x2b c:/embedded/lpcxpresso_4.1.0_190/lpcxpresso/tools/bin/../lib/gcc/arm-none-eabi/4.5.1/../../../../arm-none-eabi/lib/thumb2\libcr_c.a(errno.o)
 .comment       0x00000000       0x2b c:/embedded/lpcxpresso_4.1.0_190/lpcxpresso/tools/bin/../lib/gcc/arm-none-eabi/4.5.1/../../../../arm-none-eabi/lib/thumb2\libcr_semihost.a(_cr_sbrk.o)
 .comment       0x00000000       0x2b c:/embedded/lpcxpresso_4.1.0_190/lpcxpresso/tools/bin/../lib/gcc/arm-none-eabi/4.5.1/../../../../arm-none-eabi/lib/thumb2\libcr_semihost.a(_cr_check_heap.o)

.ARM.attributes
                0x00000000       0x2f
 .ARM.attributes
                0x00000000       0x31 ./src/cr_startup_lpc13.o
 .ARM.attributes
                0x00000031       0x31 ./src/main.o
 .ARM.attributes
                0x00000062       0x31 C:\Users\embedded\My Documents\LPCXpresso_4.1.0_190\workspace\Lib_EaBaseBoard\Debug\libLib_EaBaseBoard.a(light.o)
 .ARM.attributes
                0x00000093       0x31 C:\Users\embedded\My Documents\LPCXpresso_4.1.0_190\workspace\Lib_EaBaseBoard\Debug\libLib_EaBaseBoard.a(oled.o)
 .ARM.attributes
                0x000000c4       0x31 C:\Users\embedded\My Documents\LPCXpresso_4.1.0_190\workspace\Lib_EaBaseBoard\Debug\libLib_EaBaseBoard.a(temp.o)
 .ARM.attributes
                0x000000f5       0x31 C:\Users\embedded\My Documents\LPCXpresso_4.1.0_190\workspace\Lib_EaBaseBoard\Debug\libLib_EaBaseBoard.a(font5x7.o)
 .ARM.attributes
                0x00000126       0x31 C:\Users\embedded\My Documents\LPCXpresso_4.1.0_190\workspace\Lib_MCU\Debug\libLib_MCU.a(adc.o)
 .ARM.attributes
                0x00000157       0x31 C:\Users\embedded\My Documents\LPCXpresso_4.1.0_190\workspace\Lib_MCU\Debug\libLib_MCU.a(gpio.o)
 .ARM.attributes
                0x00000188       0x31 C:\Users\embedded\My Documents\LPCXpresso_4.1.0_190\workspace\Lib_MCU\Debug\libLib_MCU.a(i2c.o)
 .ARM.attributes
                0x000001b9       0x31 C:\Users\embedded\My Documents\LPCXpresso_4.1.0_190\workspace\Lib_MCU\Debug\libLib_MCU.a(ssp.o)
 .ARM.attributes
                0x000001ea       0x31 C:\Users\embedded\My Documents\LPCXpresso_4.1.0_190\workspace\Lib_MCU\Debug\libLib_MCU.a(timer32.o)
 .ARM.attributes
                0x0000021b       0x31 C:\Users\embedded\My Documents\LPCXpresso_4.1.0_190\workspace\Lib_MCU\Debug\libLib_MCU.a(uart.o)
 .ARM.attributes
                0x0000024c       0x31 C:\Users\embedded\My Documents\LPCXpresso_4.1.0_190\workspace\Lib_CMSISv1p30_LPC13xx\Debug\libLib_CMSISv1p30_LPC13xx.a(system_LPC13xx.o)
 .ARM.attributes
                0x0000027d       0x31 c:/embedded/lpcxpresso_4.1.0_190/lpcxpresso/tools/bin/../lib/gcc/arm-none-eabi/4.5.1/../../../../arm-none-eabi/lib/thumb2\libcr_semihost.a(_cr__main.o)
 .ARM.attributes
                0x000002ae       0x31 c:/embedded/lpcxpresso_4.1.0_190/lpcxpresso/tools/bin/../lib/gcc/arm-none-eabi/4.5.1/../../../../arm-none-eabi/lib/thumb2\libcr_c.a(initio.o)
 .ARM.attributes
                0x000002df       0x31 c:/embedded/lpcxpresso_4.1.0_190/lpcxpresso/tools/bin/../lib/gcc/arm-none-eabi/4.5.1/../../../../arm-none-eabi/lib/thumb2\libcr_c.a(setvbuf.o)
 .ARM.attributes
                0x00000310       0x31 c:/embedded/lpcxpresso_4.1.0_190/lpcxpresso/tools/bin/../lib/gcc/arm-none-eabi/4.5.1/../../../../arm-none-eabi/lib/thumb2\libcr_c.a(stdio.o)
 .ARM.attributes
                0x00000341       0x31 c:/embedded/lpcxpresso_4.1.0_190/lpcxpresso/tools/bin/../lib/gcc/arm-none-eabi/4.5.1/../../../../arm-none-eabi/lib/thumb2\libcr_c.a(memset.o)
 .ARM.attributes
                0x00000372       0x31 c:/embedded/lpcxpresso_4.1.0_190/lpcxpresso/tools/bin/../lib/gcc/arm-none-eabi/4.5.1/../../../../arm-none-eabi/lib/thumb2\libcr_c.a(__fillbuf.o)
 .ARM.attributes
                0x000003a3       0x31 c:/embedded/lpcxpresso_4.1.0_190/lpcxpresso/tools/bin/../lib/gcc/arm-none-eabi/4.5.1/../../../../arm-none-eabi/lib/thumb2\libcr_c.a(_deferredlazyseek.o)
 .ARM.attributes
                0x000003d4       0x31 c:/embedded/lpcxpresso_4.1.0_190/lpcxpresso/tools/bin/../lib/gcc/arm-none-eabi/4.5.1/../../../../arm-none-eabi/lib/thumb2\libcr_c.a(_fdopen.o)
 .ARM.attributes
                0x00000405       0x31 c:/embedded/lpcxpresso_4.1.0_190/lpcxpresso/tools/bin/../lib/gcc/arm-none-eabi/4.5.1/../../../../arm-none-eabi/lib/thumb2\libcr_c.a(_fflush.o)
 .ARM.attributes
                0x00000436       0x31 c:/embedded/lpcxpresso_4.1.0_190/lpcxpresso/tools/bin/../lib/gcc/arm-none-eabi/4.5.1/../../../../arm-none-eabi/lib/thumb2\libcr_c.a(_writebuf.o)
 .ARM.attributes
                0x00000467       0x31 c:/embedded/lpcxpresso_4.1.0_190/lpcxpresso/tools/bin/../lib/gcc/arm-none-eabi/4.5.1/../../../../arm-none-eabi/lib/thumb2\libcr_c.a(alloc.o)
 .ARM.attributes
                0x00000498       0x31 c:/embedded/lpcxpresso_4.1.0_190/lpcxpresso/tools/bin/../lib/gcc/arm-none-eabi/4.5.1/../../../../arm-none-eabi/lib/thumb2\libcr_c.a(fclose.o)
 .ARM.attributes
                0x000004c9       0x31 c:/embedded/lpcxpresso_4.1.0_190/lpcxpresso/tools/bin/../lib/gcc/arm-none-eabi/4.5.1/../../../../arm-none-eabi/lib/thumb2\libcr_c.a(fflush.o)
 .ARM.attributes
                0x000004fa       0x31 c:/embedded/lpcxpresso_4.1.0_190/lpcxpresso/tools/bin/../lib/gcc/arm-none-eabi/4.5.1/../../../../arm-none-eabi/lib/thumb2\libcr_c.a(fseek.o)
 .ARM.attributes
                0x0000052b       0x31 c:/embedded/lpcxpresso_4.1.0_190/lpcxpresso/tools/bin/../lib/gcc/arm-none-eabi/4.5.1/../../../../arm-none-eabi/lib/thumb2\libcr_c.a(ftell.o)
 .ARM.attributes
                0x0000055c       0x31 c:/embedded/lpcxpresso_4.1.0_190/lpcxpresso/tools/bin/../lib/gcc/arm-none-eabi/4.5.1/../../../../arm-none-eabi/lib/thumb2\libcr_c.a(remove.o)
 .ARM.attributes
                0x0000058d       0x31 c:/embedded/lpcxpresso_4.1.0_190/lpcxpresso/tools/bin/../lib/gcc/arm-none-eabi/4.5.1/../../../../arm-none-eabi/lib/thumb2\libcr_c.a(strlen.o)
 .ARM.attributes
                0x000005be       0x31 c:/embedded/lpcxpresso_4.1.0_190/lpcxpresso/tools/bin/../lib/gcc/arm-none-eabi/4.5.1/../../../../arm-none-eabi/lib/thumb2\libcr_c.a(memcpy.o)
 .ARM.attributes
                0x000005ef       0x31 c:/embedded/lpcxpresso_4.1.0_190/lpcxpresso/tools/bin/../lib/gcc/arm-none-eabi/4.5.1/../../../../arm-none-eabi/lib/thumb2\libcr_c.a(__init_alloc.o)
 .ARM.attributes
                0x00000620       0x31 c:/embedded/lpcxpresso_4.1.0_190/lpcxpresso/tools/bin/../lib/gcc/arm-none-eabi/4.5.1/../../../../arm-none-eabi/lib/thumb2\libcr_c.a(_do_fflush.o)
 .ARM.attributes
                0x00000651       0x31 c:/embedded/lpcxpresso_4.1.0_190/lpcxpresso/tools/bin/../lib/gcc/arm-none-eabi/4.5.1/../../../../arm-none-eabi/lib/thumb2\libcr_c.a(errno.o)
 .ARM.attributes
                0x00000682       0x21 c:/embedded/lpcxpresso_4.1.0_190/lpcxpresso/tools/bin/../lib/gcc/arm-none-eabi/4.5.1/thumb2\libcr_eabihelpers.a(memcpy.o)
 .ARM.attributes
                0x000006a3       0x21 c:/embedded/lpcxpresso_4.1.0_190/lpcxpresso/tools/bin/../lib/gcc/arm-none-eabi/4.5.1/../../../../arm-none-eabi/lib/thumb2\libcr_semihost.a(__sys_appexit.o)
 .ARM.attributes
                0x000006c4       0x21 c:/embedded/lpcxpresso_4.1.0_190/lpcxpresso/tools/bin/../lib/gcc/arm-none-eabi/4.5.1/../../../../arm-none-eabi/lib/thumb2\libcr_semihost.a(__sys_close.o)
 .ARM.attributes
                0x000006e5       0x21 c:/embedded/lpcxpresso_4.1.0_190/lpcxpresso/tools/bin/../lib/gcc/arm-none-eabi/4.5.1/../../../../arm-none-eabi/lib/thumb2\libcr_semihost.a(__sys_flen.o)
 .ARM.attributes
                0x00000706       0x21 c:/embedded/lpcxpresso_4.1.0_190/lpcxpresso/tools/bin/../lib/gcc/arm-none-eabi/4.5.1/../../../../arm-none-eabi/lib/thumb2\libcr_semihost.a(__sys_istty.o)
 .ARM.attributes
                0x00000727       0x21 c:/embedded/lpcxpresso_4.1.0_190/lpcxpresso/tools/bin/../lib/gcc/arm-none-eabi/4.5.1/../../../../arm-none-eabi/lib/thumb2\libcr_semihost.a(__sys_read.o)
 .ARM.attributes
                0x00000748       0x21 c:/embedded/lpcxpresso_4.1.0_190/lpcxpresso/tools/bin/../lib/gcc/arm-none-eabi/4.5.1/../../../../arm-none-eabi/lib/thumb2\libcr_semihost.a(__sys_readc.o)
 .ARM.attributes
                0x00000769       0x21 c:/embedded/lpcxpresso_4.1.0_190/lpcxpresso/tools/bin/../lib/gcc/arm-none-eabi/4.5.1/../../../../arm-none-eabi/lib/thumb2\libcr_semihost.a(__sys_remove.o)
 .ARM.attributes
                0x0000078a       0x21 c:/embedded/lpcxpresso_4.1.0_190/lpcxpresso/tools/bin/../lib/gcc/arm-none-eabi/4.5.1/../../../../arm-none-eabi/lib/thumb2\libcr_semihost.a(__sys_rename.o)
 .ARM.attributes
                0x000007ab       0x21 c:/embedded/lpcxpresso_4.1.0_190/lpcxpresso/tools/bin/../lib/gcc/arm-none-eabi/4.5.1/../../../../arm-none-eabi/lib/thumb2\libcr_semihost.a(__sys_seek.o)
 .ARM.attributes
                0x000007cc       0x21 c:/embedded/lpcxpresso_4.1.0_190/lpcxpresso/tools/bin/../lib/gcc/arm-none-eabi/4.5.1/../../../../arm-none-eabi/lib/thumb2\libcr_semihost.a(__sys_tmpnam.o)
 .ARM.attributes
                0x000007ed       0x21 c:/embedded/lpcxpresso_4.1.0_190/lpcxpresso/tools/bin/../lib/gcc/arm-none-eabi/4.5.1/../../../../arm-none-eabi/lib/thumb2\libcr_semihost.a(__sys_write.o)
 .ARM.attributes
                0x0000080e       0x31 c:/embedded/lpcxpresso_4.1.0_190/lpcxpresso/tools/bin/../lib/gcc/arm-none-eabi/4.5.1/../../../../arm-none-eabi/lib/thumb2\libcr_semihost.a(_cr_sbrk.o)
 .ARM.attributes
                0x0000083f       0x31 c:/embedded/lpcxpresso_4.1.0_190/lpcxpresso/tools/bin/../lib/gcc/arm-none-eabi/4.5.1/../../../../arm-none-eabi/lib/thumb2\libcr_semihost.a(_cr_check_heap.o)

.debug_frame    0x00000000      0xa00
 .debug_frame   0x00000000       0xc8 ./src/cr_startup_lpc13.o
 .debug_frame   0x000000c8       0x6c ./src/main.o
 .debug_frame   0x00000134      0x1c8 C:\Users\embedded\My Documents\LPCXpresso_4.1.0_190\workspace\Lib_EaBaseBoard\Debug\libLib_EaBaseBoard.a(light.o)
 .debug_frame   0x000002fc      0x1ec C:\Users\embedded\My Documents\LPCXpresso_4.1.0_190\workspace\Lib_EaBaseBoard\Debug\libLib_EaBaseBoard.a(oled.o)
 .debug_frame   0x000004e8       0x50 C:\Users\embedded\My Documents\LPCXpresso_4.1.0_190\workspace\Lib_EaBaseBoard\Debug\libLib_EaBaseBoard.a(temp.o)
 .debug_frame   0x00000538       0x60 C:\Users\embedded\My Documents\LPCXpresso_4.1.0_190\workspace\Lib_MCU\Debug\libLib_MCU.a(adc.o)
 .debug_frame   0x00000598      0x128 C:\Users\embedded\My Documents\LPCXpresso_4.1.0_190\workspace\Lib_MCU\Debug\libLib_MCU.a(gpio.o)
 .debug_frame   0x000006c0       0xf8 C:\Users\embedded\My Documents\LPCXpresso_4.1.0_190\workspace\Lib_MCU\Debug\libLib_MCU.a(i2c.o)
 .debug_frame   0x000007b8       0xa0 C:\Users\embedded\My Documents\LPCXpresso_4.1.0_190\workspace\Lib_MCU\Debug\libLib_MCU.a(ssp.o)
 .debug_frame   0x00000858       0xd8 C:\Users\embedded\My Documents\LPCXpresso_4.1.0_190\workspace\Lib_MCU\Debug\libLib_MCU.a(timer32.o)
 .debug_frame   0x00000930       0xa0 C:\Users\embedded\My Documents\LPCXpresso_4.1.0_190\workspace\Lib_MCU\Debug\libLib_MCU.a(uart.o)
 .debug_frame   0x000009d0       0x30 C:\Users\embedded\My Documents\LPCXpresso_4.1.0_190\workspace\Lib_CMSISv1p30_LPC13xx\Debug\libLib_CMSISv1p30_LPC13xx.a(system_LPC13xx.o)
